I'm sorry, but errors were detected in your script. Please correct the
errors listed below, and try again.


File "game/script.rpy", line 859: show statement expects a non-empty block.
    show makarassenang at center:
                                 ^

Ren'Py Version: Ren'Py 8.3.0.24082114
Sat Dec  7 21:02:38 2024
